../Core/Src/main.c:56:5:__io_putchar	16	static
../Core/Src/main.c:62:6:task1LEDHandle	16	static
../Core/Src/main.c:75:6:task2SwitchHandle	16	static
../Core/Src/main.c:89:6:HAL_GPIO_EXTI_Callback	16	static
../Core/Src/main.c:117:5:main	56	static
../Core/Src/main.c:196:6:SystemClock_Config	96	static
../Core/Src/main.c:246:13:MX_USART2_UART_Init	8	static
../Core/Src/main.c:281:13:MX_GPIO_Init	48	static
../Core/Src/main.c:320:6:vApplicationIdleHook	8	static,ignoring_inline_asm
../Core/Src/main.c:341:6:StartDefaultTask	16	static
../Core/Src/main.c:356:6:Error_Handler	4	static,ignoring_inline_asm
