../Drivers/CMSIS/Include/core_cm4.h:1679:22:__NVIC_EnableIRQ	16	static,ignoring_inline_asm
../Drivers/CMSIS/Include/core_cm4.h:1809:22:__NVIC_SetPriority	16	static
../Core/Src/main.c:72:6:HAL_UART_TxCpltCallback	16	static
../Core/Src/main.c:77:6:HAL_UART_RxCpltCallback	16	static
../Core/Src/main.c:88:5:__io_putchar	16	static
../Core/Src/main.c:94:5:main	8	static
../Core/Src/main.c:117:6:SystemClock_Config	96	static
../Core/Src/main.c:167:13:MX_USART2_UART_Init	16	static
../Core/Src/main.c:203:13:MX_GPIO_Init	48	static
../Core/Src/main.c:245:6:Error_Handler	4	static,ignoring_inline_asm
