../Core/Src/main.c:115:6:W25Q_SectorErase	24	static
../Core/Src/main.c:130:6:W25Q_WriteEnable	16	static
../Core/Src/main.c:139:9:W25Q_ReadStatus	16	static
../Core/Src/main.c:151:6:W25Q_WaitBusy	8	static
../Core/Src/main.c:157:6:W25Q_PageProgram	32	static
../Core/Src/main.c:174:6:W25Q_ReadData	32	static
../Core/Src/main.c:189:10:W25Q32_ReadID	16	static
../Core/Src/main.c:204:6:Delay_us	24	static
../Core/Src/main.c:211:10:HCSR04_Read_cm	24	static
../Core/Src/main.c:243:5:main	32	static
../Core/Src/main.c:333:6:SystemClock_Config	96	static
../Core/Src/main.c:383:13:MX_SPI2_Init	8	static
../Core/Src/main.c:423:13:MX_TIM2_Init	40	static
../Core/Src/main.c:468:13:MX_USART2_UART_Init	8	static
../Core/Src/main.c:503:13:MX_GPIO_Init	48	static
../Core/Src/main.c:561:6:Error_Handler	4	static,ignoring_inline_asm
