../Drivers/CMSIS/Include/core_cm4.h:2059:26:ITM_SendChar	16	static,ignoring_inline_asm
../Core/Src/main.c:65:5:_write	32	static
../Core/Src/main.c:76:6:task1LEDHandle	16	static
../Core/Src/main.c:98:6:task2SwitchHandle	16	static
../Core/Src/main.c:128:5:main	56	static
../Core/Src/main.c:206:6:SystemClock_Config	96	static
../Core/Src/main.c:256:13:MX_USART2_UART_Init	8	static
../Core/Src/main.c:291:13:MX_GPIO_Init	48	static
../Core/Src/main.c:336:6:StartDefaultTask	16	static
../Core/Src/main.c:351:6:Error_Handler	4	static,ignoring_inline_asm
