../Core/Src/main.c:54:5:__io_putchar	16	static
../Core/Src/main.c:59:6:task1LEDHandle	24	static
../Core/Src/main.c:87:6:task2SwitchHandle	24	static
../Core/Src/main.c:116:6:HAL_GPIO_EXTI_Callback	16	static
../Core/Src/main.c:144:5:main	56	static
../Core/Src/main.c:223:6:SystemClock_Config	96	static
../Core/Src/main.c:273:13:MX_USART2_UART_Init	8	static
../Core/Src/main.c:308:13:MX_GPIO_Init	48	static
../Core/Src/main.c:357:6:StartDefaultTask	16	static
../Core/Src/main.c:372:6:Error_Handler	4	static,ignoring_inline_asm
