../Drivers/CMSIS/Include/core_cm4.h:1679:22:__NVIC_EnableIRQ	16	static,ignoring_inline_asm
../Drivers/CMSIS/Include/core_cm4.h:1809:22:__NVIC_SetPriority	16	static
../Core/Src/main.c:70:5:__io_putchar	16	static
../Core/Src/main.c:78:6:adc_pa0_interrupt_init	40	static
../Core/Src/main.c:107:6:adc_init_start	8	static
../Core/Src/main.c:112:6:ADC_IRQHandler	8	static
../Core/Src/main.c:118:6:HAL_ADC_ConvCpltCallback	16	static
../Core/Src/main.c:124:5:main	8	static
../Core/Src/main.c:175:6:SystemClock_Config	96	static
../Core/Src/main.c:231:13:MX_USART2_UART_Init	8	static
../Core/Src/main.c:266:13:MX_GPIO_Init	48	static
../Core/Src/main.c:308:6:Error_Handler	4	static,ignoring_inline_asm
