../Core/Src/main.c:62:6:HCSR04_Trigger	16	static
../Core/Src/main.c:70:6:Start_HCSR04	8	static
../Core/Src/main.c:78:6:HAL_TIM_IC_CaptureCallback	16	static
../Core/Src/main.c:107:6:Flash_Write	32	static
../Core/Src/main.c:116:10:Flash_Read	16	static
../Core/Src/main.c:122:6:Flash_Erase_Page	40	static
../Core/Src/main.c:157:5:main	96	static
../Core/Src/main.c:229:6:SystemClock_Config	96	static
../Core/Src/main.c:279:13:MX_TIM2_Init	56	static
../Core/Src/main.c:342:13:MX_USART2_UART_Init	8	static
../Core/Src/main.c:377:13:MX_GPIO_Init	48	static
../Core/Src/main.c:419:6:Error_Handler	4	static,ignoring_inline_asm
