../Core/Src/main.c:13:6:UART_SendString	16	static
../Core/Src/main.c:19:6:ProducerTask	24	static,ignoring_inline_asm
../Core/Src/main.c:44:6:ProcessID	72	static
../Core/Src/main.c:53:6:ConsumerTask	24	static
../Core/Src/main.c:77:5:main	16	static
../Core/Src/main.c:105:6:SystemClock_Config	96	static
../Core/Src/main.c:134:6:MX_USART2_UART_Init	8	static
../Core/Src/main.c:150:6:MX_GPIO_Init	48	static
../Core/Src/main.c:174:6:StartDefaultTask	16	static
../Core/Src/main.c:183:6:Error_Handler	4	static,ignoring_inline_asm
