../Drivers/CMSIS/Include/core_cm4.h:2059:26:ITM_SendChar	16	static,ignoring_inline_asm
../Core/Src/main.c:64:5:_write	32	static
../Core/Src/main.c:75:6:task1Handle	16	static
../Core/Src/main.c:90:6:task2Handle	16	static
../Core/Src/main.c:106:5:main	56	static
../Core/Src/main.c:184:6:SystemClock_Config	96	static
../Core/Src/main.c:234:13:MX_USART2_UART_Init	8	static
../Core/Src/main.c:269:13:MX_GPIO_Init	48	static
../Core/Src/main.c:314:6:StartDefaultTask	16	static
../Core/Src/main.c:329:6:Error_Handler	4	static,ignoring_inline_asm
