../Drivers/CMSIS/Include/core_cm4.h:2059:26:ITM_SendChar	16	static,ignoring_inline_asm
../Core/Src/main.c:65:5:_write	32	static
../Core/Src/main.c:76:6:task1LEDHandle	16	static
../Core/Src/main.c:89:6:task2SwitchHandle	16	static
../Core/Src/main.c:108:5:main	56	static
../Core/Src/main.c:186:6:SystemClock_Config	96	static
../Core/Src/main.c:236:13:MX_USART2_UART_Init	8	static
../Core/Src/main.c:271:13:MX_GPIO_Init	48	static
../Core/Src/main.c:316:6:StartDefaultTask	16	static
../Core/Src/main.c:331:6:Error_Handler	4	static,ignoring_inline_asm
