../Drivers/CMSIS/Include/core_cm4.h:1679:22:__NVIC_EnableIRQ	16	static,ignoring_inline_asm
../Drivers/CMSIS/Include/core_cm4.h:1809:22:__NVIC_SetPriority	16	static
../Core/Src/main.c:74:5:__io_putchar	16	static
../Core/Src/main.c:79:6:DMA2_Stream0_IRQHandler	8	static
../Core/Src/main.c:84:6:HAL_ADC_ConvCpltCallback	16	static
../Core/Src/main.c:90:5:main	8	static
../Core/Src/main.c:138:6:SystemClock_Config	96	static
../Core/Src/main.c:188:13:MX_ADC1_Init	48	static
../Core/Src/main.c:262:13:MX_USART2_UART_Init	8	static
../Core/Src/main.c:295:13:MX_DMA_Init	16	static
../Core/Src/main.c:316:13:MX_GPIO_Init	48	static
../Core/Src/main.c:358:6:Error_Handler	4	static,ignoring_inline_asm
