../Core/Src/main.c:114:6:HAL_UART_RxCpltCallback	4
../Core/Src/main.c:142:6:uart_msg	1
../Core/Src/main.c:146:6:Task1_menu_display	1
../Core/Src/main.c:156:6:Task2_cmd_handling	1
../Core/Src/main.c:179:6:Task3_cmd_processing	6
../Core/Src/main.c:219:6:Task4_uart_write	1
../Core/Src/main.c:230:9:getCommandCode	1
../Core/Src/main.c:236:6:make_led_on	1
../Core/Src/main.c:237:6:make_led_off	1
../Core/Src/main.c:238:6:led_toggle	1
../Core/Src/main.c:241:6:read_led_status	1
../Core/Src/main.c:248:6:read_rtc_info	2
../Core/Src/main.c:279:6:print_error_message	1
../Core/Src/main.c:291:5:main	3
../Core/Src/main.c:383:6:SystemClock_Config	4
../Core/Src/main.c:434:13:MX_RTC_Init	4
../Core/Src/main.c:498:13:MX_USART2_UART_Init	2
../Core/Src/main.c:533:13:MX_GPIO_Init	1
../Core/Src/main.c:578:6:StartDefaultTask	1
../Core/Src/main.c:593:6:Error_Handler	1
