11:51:48 **** Incremental Build of configuration Debug for project 07_EXT_Interrupt ****
make -j4 all 
arm-none-eabi-gcc "../Core/Src/main.c" -mcpu=cortex-m4 -std=gnu11 -g3 -DDEBUG -DUSE_HAL_DRIVER -DSTM32L476xx -c -I../Core/Inc -I../Drivers/STM32L4xx_HAL_Driver/Inc -I../Drivers/STM32L4xx_HAL_Driver/Inc/Legacy -I../Drivers/CMSIS/Device/ST/STM32L4xx/Include -I../Drivers/CMSIS/Include -O0 -ffunction-sections -fdata-sections -Wall -fstack-usage -fcyclomatic-complexity -MMD -MP -MF"Core/Src/main.d" -MT"Core/Src/main.o" --specs=nano.specs -mfpu=fpv4-sp-d16 -mfloat-abi=hard -mthumb -o "Core/Src/main.o"
arm-none-eabi-gcc -o "07_EXT_Interrupt.elf" @"objects.list"   -mcpu=cortex-m4 -T"C:\Users\Admin\STM32CubeIDE\workspace_1.19.0\07_EXT_Interrupt\STM32L476RGTX_FLASH.ld" --specs=nosys.specs -Wl,-Map="07_EXT_Interrupt.map" -Wl,--gc-sections -static --specs=nano.specs -mfpu=fpv4-sp-d16 -mfloat-abi=hard -mthumb -Wl,--start-group -lc -lm -Wl,--end-group
Finished building target: 07_EXT_Interrupt.elf
 
arm-none-eabi-size  07_EXT_Interrupt.elf 
arm-none-eabi-objdump -h -S 07_EXT_Interrupt.elf  > "07_EXT_Interrupt.list"
   text	   data	    bss	    dec	    hex	filename
  17240	    104	   2040	  19384	   4bb8	07_EXT_Interrupt.elf
Finished building: default.size.stdout
 
Finished building: 07_EXT_Interrupt.list
 

11:51:51 Build Finished. 0 errors, 0 warnings. (took 2s.545ms)

