16:45:11 **** Incremental Build of configuration Debug for project 10_ADC_DMA ****
make -j4 all 
arm-none-eabi-gcc "../Core/Src/main.c" -mcpu=cortex-m4 -std=gnu11 -g3 -DDEBUG -DUSE_HAL_DRIVER -DSTM32L476xx -c -I../Core/Inc -I../Drivers/STM32L4xx_HAL_Driver/Inc -I../Drivers/STM32L4xx_HAL_Driver/Inc/Legacy -I../Drivers/CMSIS/Device/ST/STM32L4xx/Include -I../Drivers/CMSIS/Include -O0 -ffunction-sections -fdata-sections -Wall -fstack-usage -fcyclomatic-complexity -MMD -MP -MF"Core/Src/main.d" -MT"Core/Src/main.o" --specs=nano.specs -mfpu=fpv4-sp-d16 -mfloat-abi=hard -mthumb -o "Core/Src/main.o"
../Core/Src/main.c: In function 'main':
../Core/Src/main.c:123:11: warning: implicit declaration of function 'printf' [-Wimplicit-function-declaration]
  123 |           printf("ADC DMA Value %lu\r\n",adcVal);
      |           ^~~~~~
../Core/Src/main.c:21:1: note: include '<stdio.h>' or provide a declaration of 'printf'
   20 | #include "main.h"
  +++ |+#include <stdio.h>
   21 | 
../Core/Src/main.c:123:11: warning: incompatible implicit declaration of built-in function 'printf' [-Wbuiltin-declaration-mismatch]
  123 |           printf("ADC DMA Value %lu\r\n",adcVal);
      |           ^~~~~~
../Core/Src/main.c:123:11: note: include '<stdio.h>' or provide a declaration of 'printf'
arm-none-eabi-gcc -o "10_ADC_DMA.elf" @"objects.list"   -mcpu=cortex-m4 -T"C:\Users\Admin\STM32CubeIDE\workspace_1.19.0\10_ADC_DMA\STM32L476RGTX_FLASH.ld" --specs=nosys.specs -Wl,-Map="10_ADC_DMA.map" -Wl,--gc-sections -static --specs=nano.specs -mfpu=fpv4-sp-d16 -mfloat-abi=hard -mthumb -Wl,--start-group -lc -lm -Wl,--end-group
Finished building target: 10_ADC_DMA.elf
 
arm-none-eabi-size  10_ADC_DMA.elf 
arm-none-eabi-objdump -h -S 10_ADC_DMA.elf  > "10_ADC_DMA.list"
   text	   data	    bss	    dec	    hex	filename
  25476	    104	   2216	  27796	   6c94	10_ADC_DMA.elf
Finished building: default.size.stdout
 
Finished building: 10_ADC_DMA.list
 

16:45:13 Build Finished. 0 errors, 2 warnings. (took 2s.102ms)

