10:06:01 **** Build of configuration Debug for project 17_RTC ****
make -j4 all 
arm-none-eabi-size  17_RTC.elf 
   text	   data	    bss	    dec	    hex	filename
  19232	    104	   2080	  21416	   53a8	17_RTC.elf
Finished building: default.size.stdout
 
10:06:28 **** Incremental Build of configuration Debug for project 15_SPI_DMA ****
make -j4 all 
arm-none-eabi-size  15_SPI_DMA.elf 
   text	   data	    bss	    dec	    hex	filename
  19620	     24	   1960	  21604	   5464	15_SPI_DMA.elf
Finished building: default.size.stdout
 
10:06:49 **** Incremental Build of configuration Debug for project 17_RTC ****
make -j4 all 
arm-none-eabi-size  17_RTC.elf 
   text	   data	    bss	    dec	    hex	filename
  19232	    104	   2080	  21416	   53a8	17_RTC.elf
Finished building: default.size.stdout
 
